TAP version 13
# Subtest: new atlas preserves every row identity across all conditions
ok 1 - new atlas preserves every row identity across all conditions
  ---
  duration_ms: 7.273846
  type: 'test'
  ...
# Subtest: false alarm and miss colors reflect the chosen native judgment only
ok 2 - false alarm and miss colors reflect the chosen native judgment only
  ---
  duration_ms: 1.715024
  type: 'test'
  ...
# Subtest: changing display geometry never rewrites answers or reference labels
ok 3 - changing display geometry never rewrites answers or reference labels
  ---
  duration_ms: 1.614863
  type: 'test'
  ...
# Subtest: measured signal omits missing metrics rather than fabricating them
ok 4 - measured signal omits missing metrics rather than fabricating them
  ---
  duration_ms: 0.187291
  type: 'test'
  ...
# Subtest: boolean original judgments use frozen .5 threshold, not concentration
ok 5 - boolean original judgments use frozen .5 threshold, not concentration
  ---
  duration_ms: 0.152429
  type: 'test'
  ...
# Subtest: related arcs only link explicitly associated pair or repeated case
ok 6 - related arcs only link explicitly associated pair or repeated case
  ---
  duration_ms: 0.621503
  type: 'test'
  ...
# Subtest: all 15,184 original cells get distinct unmeasured markers
ok 7 - all 15,184 original cells get distinct unmeasured markers
  ---
  duration_ms: 3931.219086
  type: 'test'
  ...
# Subtest: original extension vocabulary is available without fake classification labels
ok 8 - original extension vocabulary is available without fake classification labels
  ---
  duration_ms: 373.49119
  type: 'test'
  ...
# Subtest: boolean confusion counts include true and false
ok 9 - boolean confusion counts include true and false
  ---
  duration_ms: 0.404577
  type: 'test'
  ...
# Subtest: original archival default chooses meaningful structured matrix, not random first row
ok 10 - original archival default chooses meaningful structured matrix, not random first row
  ---
  duration_ms: 143.624498
  type: 'test'
  ...
# Subtest: original explorer shows real task answers and unavailable states
ok 11 - original explorer shows real task answers and unavailable states
  ---
  duration_ms: 123.597904
  type: 'test'
  ...
# Subtest: entirely unattempted original conditions retain their expected question vocabulary
ok 12 - entirely unattempted original conditions retain their expected question vocabulary
  ---
  duration_ms: 0.292679
  type: 'test'
  ...
# Subtest: source-bound decision distribution: inspection_question
ok 13 - source-bound decision distribution: inspection_question
  ---
  duration_ms: 1.340682
  type: 'test'
  ...
# Subtest: source-bound decision distribution: inspection_criteria
ok 14 - source-bound decision distribution: inspection_criteria
  ---
  duration_ms: 0.169104
  type: 'test'
  ...
# Subtest: source-bound decision distribution: strict_question
ok 15 - source-bound decision distribution: strict_question
  ---
  duration_ms: 0.094332
  type: 'test'
  ...
# Subtest: source-bound decision distribution: strict_criteria
ok 16 - source-bound decision distribution: strict_criteria
  ---
  duration_ms: 0.115063
  type: 'test'
  ...
# Subtest: source-bound decision distribution: contextual_question
ok 17 - source-bound decision distribution: contextual_question
  ---
  duration_ms: 0.090446
  type: 'test'
  ...
# Subtest: source-bound decision distribution: contextual_criteria
ok 18 - source-bound decision distribution: contextual_criteria
  ---
  duration_ms: 0.088183
  type: 'test'
  ...
# Subtest: source-bound decision distribution: rich_control
ok 19 - source-bound decision distribution: rich_control
  ---
  duration_ms: 0.115033
  type: 'test'
  ...
# Subtest: source-bound decision distribution: compact_both
ok 20 - source-bound decision distribution: compact_both
  ---
  duration_ms: 0.072089
  type: 'test'
  ...
# Subtest: all 480 expected objects and model answers match original source row by row
ok 21 - all 480 expected objects and model answers match original source row by row
  ---
  duration_ms: 14.148963
  type: 'test'
  ...
# Subtest: preferred saved condition wins; new import starts with contextual admission not first control
ok 22 - preferred saved condition wins; new import starts with contextual admission not first control
  ---
  duration_ms: 0.425819
  type: 'test'
  ...
# Subtest: inspection scope is explicit and different from admission
ok 23 - inspection scope is explicit and different from admission
  ---
  duration_ms: 0.208503
  type: 'test'
  ...
# Subtest: unknown expected value is ungraded, never an allow fallback
ok 24 - unknown expected value is ungraded, never an allow fallback
  ---
  duration_ms: 0.625629
  type: 'test'
  ...
# Subtest: explicit protocol key aliases; conflicts rejected rather than silently choosing one
ok 25 - explicit protocol key aliases; conflicts rejected rather than silently choosing one
  ---
  duration_ms: 0.581783
  type: 'test'
  ...
# Subtest: every confusion-matrix cell maps exactly to its filter results
ok 26 - every confusion-matrix cell maps exactly to its filter results
  ---
  duration_ms: 2.66509
  type: 'test'
  ...
# Subtest: galaxy observation nodes retain every row identity and classification status
ok 27 - galaxy observation nodes retain every row identity and classification status
  ---
  duration_ms: 5.997791
  type: 'test'
  ...
# Subtest: filter categories do not mutate or rewrite frozen labels
ok 28 - filter categories do not mutate or rewrite frozen labels
  ---
  duration_ms: 10.517835
  type: 'test'
  ...
# Subtest: all six registered reports available, with distinct source and plan identities
ok 29 - all six registered reports available, with distinct source and plan identities
  ---
  duration_ms: 215.601734
  type: 'test'
  ...
# Subtest: historical compact import preserves camelCase expected decisions and separate baseline
ok 30 - historical compact import preserves camelCase expected decisions and separate baseline
  ---
  duration_ms: 25.303673
  type: 'test'
  ...
# Subtest: same fixture in two boundary repeats has two distinct inspectable row identities
ok 31 - same fixture in two boundary repeats has two distinct inspectable row identities
  ---
  duration_ms: 149.554928
  type: 'test'
  ...
# Subtest: paired comparisons never silently bind repeat 2 to repeat 1
ok 32 - paired comparisons never silently bind repeat 2 to repeat 1
  ---
  duration_ms: 0.336144
  type: 'test'
  ...
# Subtest: deterministic feature classification is visible as code-derived, not invented native output
ok 33 - deterministic feature classification is visible as code-derived, not invented native output
  ---
  duration_ms: 156.689024
  type: 'test'
  ...
# Subtest: historical raw expected values preserved even when display aliases normalize them
ok 34 - historical raw expected values preserved even when display aliases normalize them
  ---
  duration_ms: 3.377769
  type: 'test'
  ...
# Subtest: historical report view round trips rows, origins and original source identity
ok 35 - historical report view round trips rows, origins and original source identity
  ---
  duration_ms: 1251.923578
  type: 'test'
  ...
# Subtest: archived specimen must match protocol, plan, condition, row ID and request hash
ok 36 - archived specimen must match protocol, plan, condition, row ID and request hash
  ---
  duration_ms: 96.420589
  type: 'test'
  ...
# Subtest: predeclared disputed-case filter only removes specified acrostic fixture
ok 37 - predeclared disputed-case filter only removes specified acrostic fixture
  ---
  duration_ms: 28.877697
  type: 'test'
  ...
# Subtest: release UI does not imply Observatory is a corporate byline
ok 38 - release UI does not imply Observatory is a corporate byline
  ---
  duration_ms: 0.544567
  type: 'test'
  ...
# Subtest: archived report GET is allowlisted, with six distinct original plans
ok 39 - archived report GET is allowlisted, with six distinct original plans
  ---
  duration_ms: 1450.939608
  type: 'test'
  ...
# Subtest: archived specimen route rejects mismatched plan or request without substituting live catalog
ok 40 - archived specimen route rejects mismatched plan or request without substituting live catalog
  ---
  duration_ms: 199.653481
  type: 'test'
  ...
# Subtest: all Observatory ESM and style resources serve directly without new dependencies
ok 41 - all Observatory ESM and style resources serve directly without new dependencies
  ---
  duration_ms: 13.290646
  type: 'test'
  ...
# Subtest: missing expected decision is retained as missing by HTTP import, not filled with allow
ok 42 - missing expected decision is retained as missing by HTTP import, not filled with allow
  ---
  duration_ms: 179.725475
  type: 'test'
  ...
# Subtest: bootstrap exposes all 15,184 cells separately from 60 current-policy cases
ok 43 - bootstrap exposes all 15,184 cells separately from 60 current-policy cases
  ---
  duration_ms: 224.88054
  type: 'test'
  ...
# Subtest: original preview and freeze are explicit offline routes
ok 44 - original preview and freeze are explicit offline routes
  ---
  duration_ms: 306.721559
  type: 'test'
  ...
# Subtest: original UI has no inference endpoint and requires CSRF for preparation
ok 45 - original UI has no inference endpoint and requires CSRF for preparation
  ---
  duration_ms: 169.542984
  type: 'test'
  ...
# Subtest: original specimen is exact typed request plus separate expected fields
ok 46 - original specimen is exact typed request plus separate expected fields
  ---
  duration_ms: 224.097084
  type: 'test'
  ...
# Subtest: native atlas modules are served as modules, not a screenshot-only prototype
ok 47 - native atlas modules are served as modules, not a screenshot-only prototype
  ---
  duration_ms: 182.058266
  type: 'test'
  ...
# Subtest: original preset renders exact count: families
ok 48 - original preset renders exact count: families
  ---
  duration_ms: 37.967413
  type: 'test'
  ...
# Subtest: original preset renders exact count: contexts
ok 49 - original preset renders exact count: contexts
  ---
  duration_ms: 189.735252
  type: 'test'
  ...
# Subtest: original preset renders exact count: profiles
ok 50 - original preset renders exact count: profiles
  ---
  duration_ms: 51.186035
  type: 'test'
  ...
# Subtest: original preset renders exact count: extensions
ok 51 - original preset renders exact count: extensions
  ---
  duration_ms: 11.822111
  type: 'test'
  ...
# Subtest: original preset renders exact count: full
ok 52 - original preset renders exact count: full
  ---
  duration_ms: 3706.857868
  type: 'test'
  ...
# Subtest: original preset renders exact count: all
ok 53 - original preset renders exact count: all
  ---
  duration_ms: 3815.018786
  type: 'test'
  ...
# Subtest: original source hashes and corpus manifest match
ok 54 - original source hashes and corpus manifest match
  ---
  duration_ms: 1.727212
  type: 'test'
  ...
# Subtest: all 18 families include complete original pairs
ok 55 - all 18 families include complete original pairs
  ---
  duration_ms: 3561.094689
  type: 'test'
  ...
# Subtest: original four-state integrity groups remain indivisible quartets
ok 56 - original four-state integrity groups remain indivisible quartets
  ---
  duration_ms: 14.821794
  type: 'test'
  ...
# Subtest: moderation active variant is not mislabeled as injection
ok 57 - moderation active variant is not mislabeled as injection
  ---
  duration_ms: 357.416539
  type: 'test'
  ...
# Subtest: only questions actually requested receive expected labels
ok 58 - only questions actually requested receive expected labels
  ---
  duration_ms: 217.718837
  type: 'test'
  ...
# Subtest: binary, scores, structured use frozen original builder, not admission questions
ok 59 - binary, scores, structured use frozen original builder, not admission questions
  ---
  duration_ms: 3.105811
  type: 'test'
  ...
# Subtest: minimum coverage cannot be partially selected to meet a call cap
ok 60 - minimum coverage cannot be partially selected to meet a call cap
  ---
  duration_ms: 15.104488
  type: 'test'
  ...
# Subtest: budget-fit allocation preserves pairs and explicit exclusions
ok 61 - budget-fit allocation preserves pairs and explicit exclusions
  ---
  duration_ms: 3366.643233
  type: 'test'
  ...
# Subtest: complete catalog plans expose budget shortfall, not full-run affordability
ok 62 - complete catalog plans expose budget shortfall, not full-run affordability
  ---
  duration_ms: 3457.373957
  type: 'test'
  ...
# Subtest: invalid family, native contract, arbitrary option and silent budget reset rejected
ok 63 - invalid family, native contract, arbitrary option and silent budget reset rejected
  ---
  duration_ms: 0.636956
  type: 'test'
  ...
# Subtest: plan identity deterministically binds factors, costs, source and frozen gold
ok 64 - plan identity deterministically binds factors, costs, source and frozen gold
  ---
  duration_ms: 48.205927
  type: 'test'
  ...
# Subtest: freeze and clean read preserve exact requests, source snapshots and separate gold
ok 65 - freeze and clean read preserve exact requests, source snapshots and separate gold
  ---
  duration_ms: 88.721923
  type: 'test'
  ...
# Subtest: scoped ledger reducer is equivalent to original across multiple stages and unknown charges
ok 66 - scoped ledger reducer is equivalent to original across multiple stages and unknown charges
  ---
  duration_ms: 71.52875
  type: 'test'
  ...
# Subtest: scoped reducer preserves exact rejection semantics for duplicates and breached stages
ok 67 - scoped reducer preserves exact rejection semantics for duplicates and breached stages
  ---
  duration_ms: 2.259471
  type: 'test'
  ...
# Subtest: complete original matrix smoke preserves all native answer types
ok 68 - complete original matrix smoke preserves all native answer types
  ---
  duration_ms: 129.840454
  type: 'test'
  ...
# Subtest: all 64 original boundary cases run with their own decision vocabularies
ok 69 - all 64 original boundary cases run with their own decision vocabularies
  ---
  duration_ms: 97.48798
  type: 'test'
  ...
# Subtest: partial run resume does not duplicate original requests
ok 70 - partial run resume does not duplicate original requests
  ---
  duration_ms: 178.074192
  type: 'test'
  ...
# Subtest: unknown transport stops and retains its reservation without retry
ok 71 - unknown transport stops and retains its reservation without retry
  ---
  duration_ms: 103.953803
  type: 'test'
  ...
# Subtest: missing usage and changed model each stop the original replay
ok 72 - missing usage and changed model each stop the original replay
  ---
  duration_ms: 167.269256
  type: 'test'
  ...
# Subtest: original account and local replay ceilings stop before paid dispatch
ok 73 - original account and local replay ceilings stop before paid dispatch
  ---
  duration_ms: 166.282726
  type: 'test'
  ...
# Subtest: prior project floor, operator stop and changed saved evidence fail closed
ok 74 - prior project floor, operator stop and changed saved evidence fail closed
  ---
  duration_ms: 138.998157
  type: 'test'
  ...
# Subtest: original scoring grades booleans at .5, not score or absent answers
ok 75 - original scoring grades booleans at .5, not score or absent answers
  ---
  duration_ms: 0.20655
  type: 'test'
  ...
# Subtest: archived campaign keeps all planned, observed and unknown rows distinct
ok 76 - archived campaign keeps all planned, observed and unknown rows distinct
  ---
  duration_ms: 324.951842
  type: 'test'
  ...
# Subtest: original encoding diagnostic preserves native candidate labels, not invented attack labels
ok 77 - original encoding diagnostic preserves native candidate labels, not invented attack labels
  ---
  duration_ms: 2.209596
  type: 'test'
  ...
# Subtest: all three retained native request versions compile and validate against original criteria
ok 78 - all three retained native request versions compile and validate against original criteria
  ---
  duration_ms: 76.390776
  type: 'test'
  ...
# Subtest: spending cap never starts only an affordable half of a contrast
ok 79 - spending cap never starts only an affordable half of a contrast
  ---
  duration_ms: 40.910699
  type: 'test'
  ...
# Subtest: Observatory projection preserves source identity and separate policy conditions
ok 80 - Observatory projection preserves source identity and separate policy conditions
  ---
  duration_ms: 63.138302
  type: 'test'
  ...
# Subtest: tiers are nested scenario-group prefixes with generous cap
ok 81 - tiers are nested scenario-group prefixes with generous cap
  ---
  duration_ms: 698.548245
  type: 'test'
  ...
# Subtest: every selected contrast group is complete
ok 82 - every selected contrast group is complete
  ---
  duration_ms: 645.376139
  type: 'test'
  ...
# Subtest: all declared representation classes have mandatory probes
ok 83 - all declared representation classes have mandatory probes
  ---
  duration_ms: 121.259455
  type: 'test'
  ...
# Subtest: enabled contextual exception modules receive mandatory tests
ok 84 - enabled contextual exception modules receive mandatory tests
  ---
  duration_ms: 150.124372
  type: 'test'
  ...
# Subtest: minimum coverage overrides nominal 5 percent transparently
ok 85 - minimum coverage overrides nominal 5 percent transparently
  ---
  duration_ms: 119.699763
  type: 'test'
  ...
# Subtest: too-small budget is non-dispatchable, not a fake passing tier
ok 86 - too-small budget is non-dispatchable, not a fake passing tier
  ---
  duration_ms: 43.267181
  type: 'test'
  ...
# Subtest: frozen costs respect both money and token reservations
ok 87 - frozen costs respect both money and token reservations
  ---
  duration_ms: 158.194693
  type: 'test'
  ...
# Subtest: same config and seed recreates exact plan
ok 88 - same config and seed recreates exact plan
  ---
  duration_ms: 381.369762
  type: 'test'
  ...
# Subtest: evaluation data cannot be inserted into a confirmed plan
ok 89 - evaluation data cannot be inserted into a confirmed plan
  ---
  duration_ms: 128.605822
  type: 'test'
  ...
# Subtest: even a rehashed tampered manifest must match its builder
ok 90 - even a rehashed tampered manifest must match its builder
  ---
  duration_ms: 275.415991
  type: 'test'
  ...
# Subtest: unknown layout or unsafe budget cap fails
ok 91 - unknown layout or unsafe budget cap fails
  ---
  duration_ms: 0.309975
  type: 'test'
  ...
# Subtest: filtering context is explicit and honest
ok 92 - filtering context is explicit and honest
  ---
  duration_ms: 179.671966
  type: 'test'
  ...
# Subtest: provider requests have no evaluation labels
ok 93 - provider requests have no evaluation labels
  ---
  duration_ms: 118.144802
  type: 'test'
  ...
# Subtest: freeze is idempotent; request corruption stops resume
ok 94 - freeze is idempotent; request corruption stops resume
  ---
  duration_ms: 866.394686
  type: 'test'
  ...
# Subtest: valid preset strict
ok 95 - valid preset strict
  ---
  duration_ms: 1.625139
  type: 'test'
  ...
# Subtest: valid preset contextual
ok 96 - valid preset contextual
  ---
  duration_ms: 0.276756
  type: 'test'
  ...
# Subtest: valid preset inspection
ok 97 - valid preset inspection
  ---
  duration_ms: 0.119659
  type: 'test'
  ...
# Subtest: unknown policy field fails
ok 98 - unknown policy field fails
  ---
  duration_ms: 0.481333
  type: 'test'
  ...
# Subtest: allowlist cannot be empty
ok 99 - allowlist cannot be empty
  ---
  duration_ms: 0.201502
  type: 'test'
  ...
# Subtest: unknown model fails
ok 100 - unknown model fails
  ---
  duration_ms: 0.128242
  type: 'test'
  ...
# Subtest: unresolved admission never fails open
ok 101 - unresolved admission never fails open
  ---
  duration_ms: 0.165859
  type: 'test'
  ...
# Subtest: strict cannot enable consumer exceptions
ok 102 - strict cannot enable consumer exceptions
  ---
  duration_ms: 0.134973
  type: 'test'
  ...
# Subtest: unknown representation rejected
ok 103 - unknown representation rejected
  ---
  duration_ms: 0.337987
  type: 'test'
  ...
# Subtest: language tag and duplicate validation
ok 104 - language tag and duplicate validation
  ---
  duration_ms: 0.36661
  type: 'test'
  ...
# Subtest: any-language policy warns against universal competence claim
ok 105 - any-language policy warns against universal competence claim
  ---
  duration_ms: 0.302965
  type: 'test'
  ...
# Subtest: unsupported language probes explicitly marked
ok 106 - unsupported language probes explicitly marked
  ---
  duration_ms: 0.104607
  type: 'test'
  ...
# Subtest: entry clears inherited exception whole field
ok 107 - entry clears inherited exception whole field
  ---
  duration_ms: 0.323085
  type: 'test'
  ...
# Subtest: consumer task mismatch does not grant exception
ok 108 - consumer task mismatch does not grant exception
  ---
  duration_ms: 0.109164
  type: 'test'
  ...
# Subtest: context cannot carry a policy override
ok 109 - context cannot carry a policy override
  ---
  duration_ms: 0.097806
  type: 'test'
  ...
# Subtest: context null does not silently restore shared task
ok 110 - context null does not silently restore shared task
  ---
  duration_ms: 0.145038
  type: 'test'
  ...
# Subtest: strict rejects benign represented acrostic without inventing an attack
ok 111 - strict rejects benign represented acrostic without inventing an attack
  ---
  duration_ms: 0.299259
  type: 'test'
  ...
# Subtest: contextual grants are scoped
ok 112 - contextual grants are scoped
  ---
  duration_ms: 0.202193
  type: 'test'
  ...
# Subtest: permitted representation does not authorize malicious meaning
ok 113 - permitted representation does not authorize malicious meaning
  ---
  duration_ms: 0.113901
  type: 'test'
  ...
# Subtest: inspection explicitly changes compliance as well as operation
ok 114 - inspection explicitly changes compliance as well as operation
  ---
  duration_ms: 0.2671
  type: 'test'
  ...
# Subtest: language restriction is separate from maliciousness
ok 115 - language restriction is separate from maliciousness
  ---
  duration_ms: 0.105338
  type: 'test'
  ...
# Subtest: allowing Spanish admits descriptive Spanish, not its attack
ok 116 - allowing Spanish admits descriptive Spanish, not its attack
  ---
  duration_ms: 0.245959
  type: 'test'
  ...
# Subtest: instruction-only language scope excludes benign descriptive data
ok 117 - instruction-only language scope excludes benign descriptive data
  ---
  duration_ms: 0.123175
  type: 'test'
  ...
# Subtest: missing or invalid findings cannot authorize admission
ok 118 - missing or invalid findings cannot authorize admission
  ---
  duration_ms: 0.137026
  type: 'test'
  ...
# Subtest: derived decisions agree with separate authored oracle across catalog and policy settings
ok 119 - derived decisions agree with separate authored oracle across catalog and policy settings
  ---
  duration_ms: 14.110416
  type: 'test'
  ...
# Subtest: native layout content equivalence and no eval leakage strict
ok 120 - native layout content equivalence and no eval leakage strict
  ---
  duration_ms: 331.144154
  type: 'test'
  ...
# Subtest: native layout content equivalence and no eval leakage contextual
ok 121 - native layout content equivalence and no eval leakage contextual
  ---
  duration_ms: 292.7358
  type: 'test'
  ...
# Subtest: native layout content equivalence and no eval leakage inspection
ok 122 - native layout content equivalence and no eval leakage inspection
  ---
  duration_ms: 279.565045
  type: 'test'
  ...
# Subtest: material role keys and template expressions remain ordinary data
ok 123 - material role keys and template expressions remain ordinary data
  ---
  duration_ms: 2.199912
  type: 'test'
  ...
# Subtest: oversized source fails rather than truncates
ok 124 - oversized source fails rather than truncates
  ---
  duration_ms: 7.144893
  type: 'test'
  ...
# Subtest: every dossier preserves its two independent task-evidence questions
ok 125 - every dossier preserves its two independent task-evidence questions
  ---
  duration_ms: 52.538936
  type: 'test'
  ...
# Subtest: 480 rows reconstructed with no source summary discrepancies
ok 126 - 480 rows reconstructed with no source summary discrepancies
  ---
  duration_ms: 1.060512
  type: 'test'
  ...
# Subtest: explicit admission vs inspection denominator
ok 127 - explicit admission vs inspection denominator
  ---
  duration_ms: 0.154482
  type: 'test'
  ...
# Subtest: current report contract and native/coded accuracy checked
ok 128 - current report contract and native/coded accuracy checked
  ---
  duration_ms: 0.13963
  type: 'test'
  ...
# Subtest: review snapshot round-trips condition identities
ok 129 - review snapshot round-trips condition identities
  ---
  duration_ms: 39.654523
  type: 'test'
  ...
# Subtest: reconstruction reports dishonest top-level counts
ok 130 - reconstruction reports dishonest top-level counts
  ---
  duration_ms: 55.861102
  type: 'test'
  ...
# Subtest: placement changes match the report without universal winner assumption
ok 131 - placement changes match the report without universal winner assumption
  ---
  duration_ms: 0.882584
  type: 'test'
  ...
# Subtest: prototype-like report keys remain data, not object pollution
ok 132 - prototype-like report keys remain data, not object pollution
  ---
  duration_ms: 0.277036
  type: 'test'
  ...
# Subtest: invalid json, oversized, unsupported shape or negative tokens rejected
ok 133 - invalid json, oversized, unsupported shape or negative tokens rejected
  ---
  duration_ms: 49.85062
  type: 'test'
  ...
# Subtest: complete simulated Gold run exercises all 120 calls and multiple ledger stages
ok 134 - complete simulated Gold run exercises all 120 calls and multiple ledger stages
  ---
  duration_ms: 1417.119523
  type: 'test'
  ...
# Subtest: invocation limit and resume do not repeat paid job identities
ok 135 - invocation limit and resume do not repeat paid job identities
  ---
  duration_ms: 1147.292935
  type: 'test'
  ...
# Subtest: transport failure remains held and cannot auto-retry
ok 136 - transport failure remains held and cannot auto-retry
  ---
  duration_ms: 728.837534
  type: 'test'
  ...
# Subtest: valid response with missing usage stops and reserves uncertain charge
ok 137 - valid response with missing usage stops and reserves uncertain charge
  ---
  duration_ms: 391.464176
  type: 'test'
  ...
# Subtest: model-version change records charge and halts
ok 138 - model-version change records charge and halts
  ---
  duration_ms: 432.026171
  type: 'test'
  ...
# Subtest: reservation without saved response is never redispatched
ok 139 - reservation without saved response is never redispatched
  ---
  duration_ms: 447.33751
  type: 'test'
  ...
# Subtest: operator stop happens before any new reservation
ok 140 - operator stop happens before any new reservation
  ---
  duration_ms: 400.297103
  type: 'test'
  ...
# Subtest: insufficient account cap blocks inference
ok 141 - insufficient account cap blocks inference
  ---
  duration_ms: 418.521162
  type: 'test'
  ...
# Subtest: standalone cap is explicit and cannot be reset by reinitialization
ok 142 - standalone cap is explicit and cannot be reset by reinitialization
  ---
  duration_ms: 129.658287
  type: 'test'
  ...
# Subtest: prior-history floor prevents misusing a missing project ledger
ok 143 - prior-history floor prevents misusing a missing project ledger
  ---
  duration_ms: 403.360861
  type: 'test'
  ...
# Subtest: settled evidence modification prevents replay
ok 144 - settled evidence modification prevents replay
  ---
  duration_ms: 706.509127
  type: 'test'
  ...
# Subtest: complete simulated ranking run uses six requests and original accounting
ok 145 - complete simulated ranking run uses six requests and original accounting
  ---
  duration_ms: 97.049171
  type: 'test'
  ...
# Subtest: complete simulated tagging run returns all facet proposals with no promotions
ok 146 - complete simulated tagging run returns all facet proposals with no promotions
  ---
  duration_ms: 90.000916
  type: 'test'
  ...
# Subtest: advisor invocation limit then resume never repeats dispatch
ok 147 - advisor invocation limit then resume never repeats dispatch
  ---
  duration_ms: 139.391385
  type: 'test'
  ...
# Subtest: simulated ranking then complete evaluation retain a single shared ledger
ok 148 - simulated ranking then complete evaluation retain a single shared ledger
  ---
  duration_ms: 1455.762078
  type: 'test'
  ...
# Subtest: imported synthetic advisor envelope cannot impersonate local paid ledger evidence
ok 149 - imported synthetic advisor envelope cannot impersonate local paid ledger evidence
  ---
  duration_ms: 886.093055
  type: 'test'
  ...
# Subtest: transport failure retains reservation and cannot automatically retry
ok 150 - transport failure retains reservation and cannot automatically retry
  ---
  duration_ms: 75.312616
  type: 'test'
  ...
# Subtest: missing usage stops advisor and retains charge uncertainty
ok 151 - missing usage stops advisor and retains charge uncertainty
  ---
  duration_ms: 52.460511
  type: 'test'
  ...
# Subtest: changed provider model is charged then stops further advice
ok 152 - changed provider model is charged then stops further advice
  ---
  duration_ms: 38.369394
  type: 'test'
  ...
# Subtest: unanswered durable reservation is never retried on resume
ok 153 - unanswered durable reservation is never retried on resume
  ---
  duration_ms: 35.590893
  type: 'test'
  ...
# Subtest: changed raw evidence on disk stops resumption
ok 154 - changed raw evidence on disk stops resumption
  ---
  duration_ms: 64.647411
  type: 'test'
  ...
# Subtest: source or request tampering stops frozen advisor load
ok 155 - source or request tampering stops frozen advisor load
  ---
  duration_ms: 42.725592
  type: 'test'
  ...
# Subtest: too-small shared account cannot start advisor requests
ok 156 - too-small shared account cannot start advisor requests
  ---
  duration_ms: 45.790991
  type: 'test'
  ...
# Subtest: operator stop before first request does not reserve anything
ok 157 - operator stop before first request does not reserve anything
  ---
  duration_ms: 36.570945
  type: 'test'
  ...
# Subtest: prior-history floor is enforced for metadata calls too
ok 158 - prior-history floor is enforced for metadata calls too
  ---
  duration_ms: 40.308253
  type: 'test'
  ...
# Subtest: unsupported critical coverage blocks evaluation dispatch
ok 159 - unsupported critical coverage blocks evaluation dispatch
  ---
  duration_ms: 543.104454
  type: 'test'
  ...
# Subtest: allocator handles 7560 indivisible pairs / 15120 logical requests at full budget
ok 160 - allocator handles 7560 indivisible pairs / 15120 logical requests at full budget
  ---
  duration_ms: 274.775393
  type: 'test'
  ...
# Subtest: budget-limited full-scale metadata planning retains complete pairs
ok 161 - budget-limited full-scale metadata planning retains complete pairs
  ---
  duration_ms: 5163.118729
  type: 'test'
  ...
# Subtest: advisor bootstrap exposes versioned descriptors, not fabricated scores
ok 162 - advisor bootstrap exposes versioned descriptors, not fabricated scores
  ---
  duration_ms: 295.919827
  type: 'test'
  ...
# Subtest: metadata freeze returns explicit offline packet
ok 163 - metadata freeze returns explicit offline packet
  ---
  duration_ms: 259.296123
  type: 'test'
  ...
# Subtest: advisor routes enforce origin and CSRF checks
ok 164 - advisor routes enforce origin and CSRF checks
  ---
  duration_ms: 212.849677
  type: 'test'
  ...
# Subtest: no selection browser route can start paid inference
ok 165 - no selection browser route can start paid inference
  ---
  duration_ms: 189.7131
  type: 'test'
  ...
# Subtest: matching advice cache is locally reusable but not across applications
ok 166 - matching advice cache is locally reusable but not across applications
  ---
  duration_ms: 202.789432
  type: 'test'
  ...
# Subtest: browser creates an assisted plan with no live calls
ok 167 - browser creates an assisted plan with no live calls
  ---
  duration_ms: 453.210496
  type: 'test'
  ...
# Subtest: application validation rejects source-side grants as context fields
ok 168 - application validation rejects source-side grants as context fields
  ---
  duration_ms: 162.823069
  type: 'test'
  ...
# Subtest: CLI without --live cannot invoke provider or read account path
ok 169 - CLI without --live cannot invoke provider or read account path
  ---
  duration_ms: 104.374395
  type: 'test'
  ...
# Subtest: 32 small units cover all 60 source cases without changing specimens
ok 170 - 32 small units cover all 60 source cases without changing specimens
  ---
  duration_ms: 1.457187
  type: 'test'
  ...
# Subtest: dossier position and split units explicitly require full matched core
ok 171 - dossier position and split units explicitly require full matched core
  ---
  duration_ms: 0.177066
  type: 'test'
  ...
# Subtest: rank schema has one four-way question per unit; all units queried
ok 172 - rank schema has one four-way question per unit; all units queried
  ---
  duration_ms: 11.297125
  type: 'test'
  ...
# Subtest: tagging schema is 12 independent facets and one taxonomy-fit choice per unit
ok 173 - tagging schema is 12 independent facets and one taxonomy-fit choice per unit
  ---
  duration_ms: 12.824306
  type: 'test'
  ...
# Subtest: advisor never receives evaluated payloads, expected labels or previous scores
ok 174 - advisor never receives evaluated payloads, expected labels or previous scores
  ---
  duration_ms: 19.471302
  type: 'test'
  ...
# Subtest: metadata chunks do not split any source description or associated unit
ok 175 - metadata chunks do not split any source description or associated unit
  ---
  duration_ms: 9.636392
  type: 'test'
  ...
# Subtest: advisor rejects silently pruned groups and too-small allocation
ok 176 - advisor rejects silently pruned groups and too-small allocation
  ---
  duration_ms: 14.717729
  type: 'test'
  ...
# Subtest: ranking is uncertain, not irrelevant, when evidence is missing
ok 177 - ranking is uncertain, not irrelevant, when evidence is missing
  ---
  duration_ms: 0.294692
  type: 'test'
  ...
# Subtest: low confidence retains floor instead of zeroing relevance
ok 178 - low confidence retains floor instead of zeroing relevance
  ---
  duration_ms: 0.375473
  type: 'test'
  ...
# Subtest: high confidence not-indicated still leaves nonzero weight
ok 179 - high confidence not-indicated still leaves nonzero weight
  ---
  duration_ms: 0.323245
  type: 'test'
  ...
# Subtest: explicit insufficient evidence is retained for exploration
ok 180 - explicit insufficient evidence is retained for exploration
  ---
  duration_ms: 0.204337
  type: 'test'
  ...
# Subtest: ambiguous or rounded option disagreement is not blindly confident
ok 181 - ambiguous or rounded option disagreement is not blindly confident
  ---
  duration_ms: 0.154812
  type: 'test'
  ...
# Subtest: malformed or incomplete distributions cannot steer allocation
ok 182 - malformed or incomplete distributions cannot steer allocation
  ---
  duration_ms: 0.299219
  type: 'test'
  ...
# Subtest: same source and settings reproduce advisor identity
ok 183 - same source and settings reproduce advisor identity
  ---
  duration_ms: 14.971409
  type: 'test'
  ...
# Subtest: valid simulated relevance is interpreted but never called live evidence by test fixture
ok 184 - valid simulated relevance is interpreted but never called live evidence by test fixture
  ---
  duration_ms: 15.886472
  type: 'test'
  ...
# Subtest: partial valid report gives every unscored unit a neutral fallback
ok 185 - partial valid report gives every unscored unit a neutral fallback
  ---
  duration_ms: 12.858859
  type: 'test'
  ...
# Subtest: changed app, policy, taxonomy or raw envelope rejects cached advice
ok 186 - changed app, policy, taxonomy or raw envelope rejects cached advice
  ---
  duration_ms: 24.011336
  type: 'test'
  ...
# Subtest: duplicate advisor rows and fabricated raw hashes are rejected
ok 187 - duplicate advisor rows and fabricated raw hashes are rejected
  ---
  duration_ms: 29.765201
  type: 'test'
  ...
# Subtest: invalid native taxonomy choice probability shape rejects imported proposals
ok 188 - invalid native taxonomy choice probability shape rejects imported proposals
  ---
  duration_ms: 28.528325
  type: 'test'
  ...
# Subtest: tag reports cannot be substituted for relevance reports
ok 189 - tag reports cannot be substituted for relevance reports
  ---
  duration_ms: 29.88413
  type: 'test'
  ...
# Subtest: tag proposals leave authoritative tags and required coverage intact
ok 190 - tag proposals leave authoritative tags and required coverage intact
  ---
  duration_ms: 39.050117
  type: 'test'
  ...
# Subtest: custom imported descriptors are tag-only metadata, never executable tests
ok 191 - custom imported descriptors are tag-only metadata, never executable tests
  ---
  duration_ms: 3.446322
  type: 'test'
  ...
# Subtest: metadata import cannot smuggle answers or prototype special keys
ok 192 - metadata import cannot smuggle answers or prototype special keys
  ---
  duration_ms: 0.197536
  type: 'test'
  ...
# Subtest: application fields are closed and never treated as authority
ok 193 - application fields are closed and never treated as authority
  ---
  duration_ms: 0.135393
  type: 'test'
  ...
# Subtest: all active cases fit in full assisted plan with no duplicate control jobs
ok 194 - all active cases fit in full assisted plan with no duplicate control jobs
  ---
  duration_ms: 300.556423
  type: 'test'
  ...
# Subtest: assisted planner preserves evaluated payloads and authored expectations
ok 195 - assisted planner preserves evaluated payloads and authored expectations
  ---
  duration_ms: 541.877426
  type: 'test'
  ...
# Subtest: mandatory coverage cannot be removed by every group scoring not-indicated
ok 196 - mandatory coverage cannot be removed by every group scoring not-indicated
  ---
  duration_ms: 277.116595
  type: 'test'
  ...
# Subtest: ranking cost is subtracted from the same campaign allowance once
ok 197 - ranking cost is subtracted from the same campaign allowance once
  ---
  duration_ms: 272.247537
  type: 'test'
  ...
# Subtest: unsupported required capabilities cannot masquerade as full coverage
ok 198 - unsupported required capabilities cannot masquerade as full coverage
  ---
  duration_ms: 1233.836333
  type: 'test'
  ...
# Subtest: a configured critical dossier cannot be filtered out silently
ok 199 - a configured critical dossier cannot be filtered out silently
  ---
  duration_ms: 171.630442
  type: 'test'
  ...
# Subtest: out-of-allowlist languages remain mandatory tests
ok 200 - out-of-allowlist languages remain mandatory tests
  ---
  duration_ms: 262.36751
  type: 'test'
  ...
# Subtest: unavailable language coverage is disclosed without fabricating tests
ok 201 - unavailable language coverage is disclosed without fabricating tests
  ---
  duration_ms: 276.118277
  type: 'test'
  ...
# Subtest: identical assisted inputs reproduce immutable plan hash
ok 202 - identical assisted inputs reproduce immutable plan hash
  ---
  duration_ms: 518.207662
  type: 'test'
  ...
# Subtest: too-small budget cannot dispatch a partial critical suite
ok 203 - too-small budget cannot dispatch a partial critical suite
  ---
  duration_ms: 258.98255
  type: 'test'
  ...
# Subtest: budget fill stops with honest unused remainder when catalog is exhausted
ok 204 - budget fill stops with honest unused remainder when catalog is exhausted
  ---
  duration_ms: 272.500697
  type: 'test'
  ...
# Subtest: allocator skips unaffordable large unit and continues to smaller sets
ok 205 - allocator skips unaffordable large unit and continues to smaller sets
  ---
  duration_ms: 0.384587
  type: 'test'
  ...
# Subtest: shared controls incur only their marginal cost
ok 206 - shared controls incur only their marginal cost
  ---
  duration_ms: 0.155834
  type: 'test'
  ...
# Subtest: dependency closure cannot be split to fit money
ok 207 - dependency closure cannot be split to fit money
  ---
  duration_ms: 0.11316
  type: 'test'
  ...
# Subtest: cyclic, missing and duplicate dependencies fail
ok 208 - cyclic, missing and duplicate dependencies fail
  ---
  duration_ms: 0.243134
  type: 'test'
  ...
# Subtest: independent exploratory lane remains despite confident negative ranks
ok 209 - independent exploratory lane remains despite confident negative ranks
  ---
  duration_ms: 0.457346
  type: 'test'
  ...
# Subtest: selection obeys token ceiling as well as dollar ceiling
ok 210 - selection obeys token ceiling as well as dollar ceiling
  ---
  duration_ms: 0.101082
  type: 'test'
  ...
# Subtest: selection deterministic for a fixed seed and evidence
ok 211 - selection deterministic for a fixed seed and evidence
  ---
  duration_ms: 1.503045
  type: 'test'
  ...
# Subtest: invalid free exploration bypass is rejected by public plan schema
ok 212 - invalid free exploration bypass is rejected by public plan schema
  ---
  duration_ms: 0.269034
  type: 'test'
  ...
# Subtest: server is loopback-only and serves actual evidence
ok 213 - server is loopback-only and serves actual evidence
  ---
  duration_ms: 230.977329
  type: 'test'
  ...
# Subtest: mutation endpoints require exact origin and CSRF token
ok 214 - mutation endpoints require exact origin and CSRF token
  ---
  duration_ms: 242.244629
  type: 'test'
  ...
# Subtest: unrelated host and filesystem paths denied
ok 215 - unrelated host and filesystem paths denied
  ---
  duration_ms: 179.246883
  type: 'test'
  ...
# Subtest: no browser route can start live inference
ok 216 - no browser route can start live inference
  ---
  duration_ms: 173.455995
  type: 'test'
  ...
# Subtest: custom material compiles offline without inferred gold
ok 217 - custom material compiles offline without inferred gold
  ---
  duration_ms: 178.7191
  type: 'test'
  ...
# Subtest: plan preview then freeze produces immutable audit inputs
ok 218 - plan preview then freeze produces immutable audit inputs
  ---
  duration_ms: 723.674981
  type: 'test'
  ...
1..218
# tests 218
# suites 0
# pass 218
# fail 0
# cancelled 0
# skipped 0
# todo 0
# duration_ms 22937.693314
