TAP version 13
# Subtest: source-bound decision distribution: inspection_question
ok 1 - source-bound decision distribution: inspection_question
  ---
  duration_ms: 2.613515
  type: 'test'
  ...
# Subtest: source-bound decision distribution: inspection_criteria
ok 2 - source-bound decision distribution: inspection_criteria
  ---
  duration_ms: 0.665859
  type: 'test'
  ...
# Subtest: source-bound decision distribution: strict_question
ok 3 - source-bound decision distribution: strict_question
  ---
  duration_ms: 0.183463
  type: 'test'
  ...
# Subtest: source-bound decision distribution: strict_criteria
ok 4 - source-bound decision distribution: strict_criteria
  ---
  duration_ms: 0.334385
  type: 'test'
  ...
# Subtest: source-bound decision distribution: contextual_question
ok 5 - source-bound decision distribution: contextual_question
  ---
  duration_ms: 0.440433
  type: 'test'
  ...
# Subtest: source-bound decision distribution: contextual_criteria
ok 6 - source-bound decision distribution: contextual_criteria
  ---
  duration_ms: 0.243751
  type: 'test'
  ...
# Subtest: source-bound decision distribution: rich_control
ok 7 - source-bound decision distribution: rich_control
  ---
  duration_ms: 0.502027
  type: 'test'
  ...
# Subtest: source-bound decision distribution: compact_both
ok 8 - source-bound decision distribution: compact_both
  ---
  duration_ms: 0.225494
  type: 'test'
  ...
# Subtest: all 480 expected objects and model answers match original source row by row
ok 9 - all 480 expected objects and model answers match original source row by row
  ---
  duration_ms: 24.232084
  type: 'test'
  ...
# Subtest: preferred saved condition wins; new import starts with contextual admission not first control
ok 10 - preferred saved condition wins; new import starts with contextual admission not first control
  ---
  duration_ms: 0.66503
  type: 'test'
  ...
# Subtest: inspection scope is explicit and different from admission
ok 11 - inspection scope is explicit and different from admission
  ---
  duration_ms: 0.350193
  type: 'test'
  ...
# Subtest: unknown expected value is ungraded, never an allow fallback
ok 12 - unknown expected value is ungraded, never an allow fallback
  ---
  duration_ms: 0.706316
  type: 'test'
  ...
# Subtest: explicit protocol key aliases; conflicts rejected rather than silently choosing one
ok 13 - explicit protocol key aliases; conflicts rejected rather than silently choosing one
  ---
  duration_ms: 0.72609
  type: 'test'
  ...
# Subtest: every confusion-matrix cell maps exactly to its filter results
ok 14 - every confusion-matrix cell maps exactly to its filter results
  ---
  duration_ms: 16.657269
  type: 'test'
  ...
# Subtest: galaxy observation nodes retain every row identity and classification status
ok 15 - galaxy observation nodes retain every row identity and classification status
  ---
  duration_ms: 2.174694
  type: 'test'
  ...
# Subtest: filter categories do not mutate or rewrite frozen labels
ok 16 - filter categories do not mutate or rewrite frozen labels
  ---
  duration_ms: 15.201581
  type: 'test'
  ...
# Subtest: all four report protocols available, with distinct source and plan identities
ok 17 - all four report protocols available, with distinct source and plan identities
  ---
  duration_ms: 98.541189
  type: 'test'
  ...
# Subtest: historical compact import preserves camelCase expected decisions and separate baseline
ok 18 - historical compact import preserves camelCase expected decisions and separate baseline
  ---
  duration_ms: 9.891037
  type: 'test'
  ...
# Subtest: same fixture in two boundary repeats has two distinct inspectable row identities
ok 19 - same fixture in two boundary repeats has two distinct inspectable row identities
  ---
  duration_ms: 156.864028
  type: 'test'
  ...
# Subtest: paired comparisons never silently bind repeat 2 to repeat 1
ok 20 - paired comparisons never silently bind repeat 2 to repeat 1
  ---
  duration_ms: 0.47342
  type: 'test'
  ...
# Subtest: deterministic feature classification is visible as code-derived, not invented native output
ok 21 - deterministic feature classification is visible as code-derived, not invented native output
  ---
  duration_ms: 191.106954
  type: 'test'
  ...
# Subtest: historical raw expected values preserved even when display aliases normalize them
ok 22 - historical raw expected values preserved even when display aliases normalize them
  ---
  duration_ms: 3.675737
  type: 'test'
  ...
# Subtest: historical report view round trips rows, origins and original source identity
ok 23 - historical report view round trips rows, origins and original source identity
  ---
  duration_ms: 531.95767
  type: 'test'
  ...
# Subtest: archived specimen must match protocol, plan, condition, row ID and request hash
ok 24 - archived specimen must match protocol, plan, condition, row ID and request hash
  ---
  duration_ms: 100.58571
  type: 'test'
  ...
# Subtest: predeclared disputed-case filter only removes specified acrostic fixture
ok 25 - predeclared disputed-case filter only removes specified acrostic fixture
  ---
  duration_ms: 30.518221
  type: 'test'
  ...
# Subtest: release UI does not imply Observatory is a corporate byline
ok 26 - release UI does not imply Observatory is a corporate byline
  ---
  duration_ms: 0.597275
  type: 'test'
  ...
# Subtest: archived report GET is allowlisted, with four distinct original plans
ok 27 - archived report GET is allowlisted, with four distinct original plans
  ---
  duration_ms: 870.986174
  type: 'test'
  ...
# Subtest: archived specimen route rejects mismatched plan or request without substituting live catalog
ok 28 - archived specimen route rejects mismatched plan or request without substituting live catalog
  ---
  duration_ms: 209.332107
  type: 'test'
  ...
# Subtest: all Observatory ESM and style resources serve directly without new dependencies
ok 29 - all Observatory ESM and style resources serve directly without new dependencies
  ---
  duration_ms: 19.950103
  type: 'test'
  ...
# Subtest: missing expected decision is retained as missing by HTTP import, not filled with allow
ok 30 - missing expected decision is retained as missing by HTTP import, not filled with allow
  ---
  duration_ms: 146.398205
  type: 'test'
  ...
# Subtest: Observatory projection preserves source identity and separate policy conditions
ok 31 - Observatory projection preserves source identity and separate policy conditions
  ---
  duration_ms: 67.25038
  type: 'test'
  ...
# Subtest: tiers are nested scenario-group prefixes with generous cap
ok 32 - tiers are nested scenario-group prefixes with generous cap
  ---
  duration_ms: 833.252938
  type: 'test'
  ...
# Subtest: every selected contrast group is complete
ok 33 - every selected contrast group is complete
  ---
  duration_ms: 688.122462
  type: 'test'
  ...
# Subtest: all declared representation classes have mandatory probes
ok 34 - all declared representation classes have mandatory probes
  ---
  duration_ms: 148.213372
  type: 'test'
  ...
# Subtest: enabled contextual exception modules receive mandatory tests
ok 35 - enabled contextual exception modules receive mandatory tests
  ---
  duration_ms: 241.048076
  type: 'test'
  ...
# Subtest: minimum coverage overrides nominal 5 percent transparently
ok 36 - minimum coverage overrides nominal 5 percent transparently
  ---
  duration_ms: 147.770241
  type: 'test'
  ...
# Subtest: too-small budget is non-dispatchable, not a fake passing tier
ok 37 - too-small budget is non-dispatchable, not a fake passing tier
  ---
  duration_ms: 36.30699
  type: 'test'
  ...
# Subtest: frozen costs respect both money and token reservations
ok 38 - frozen costs respect both money and token reservations
  ---
  duration_ms: 205.727149
  type: 'test'
  ...
# Subtest: same config and seed recreates exact plan
ok 39 - same config and seed recreates exact plan
  ---
  duration_ms: 414.409567
  type: 'test'
  ...
# Subtest: evaluation data cannot be inserted into a confirmed plan
ok 40 - evaluation data cannot be inserted into a confirmed plan
  ---
  duration_ms: 159.177543
  type: 'test'
  ...
# Subtest: even a rehashed tampered manifest must match its builder
ok 41 - even a rehashed tampered manifest must match its builder
  ---
  duration_ms: 274.827331
  type: 'test'
  ...
# Subtest: unknown layout or unsafe budget cap fails
ok 42 - unknown layout or unsafe budget cap fails
  ---
  duration_ms: 0.272839
  type: 'test'
  ...
# Subtest: filtering context is explicit and honest
ok 43 - filtering context is explicit and honest
  ---
  duration_ms: 226.444247
  type: 'test'
  ...
# Subtest: provider requests have no evaluation labels
ok 44 - provider requests have no evaluation labels
  ---
  duration_ms: 161.224767
  type: 'test'
  ...
# Subtest: freeze is idempotent; request corruption stops resume
ok 45 - freeze is idempotent; request corruption stops resume
  ---
  duration_ms: 1036.062266
  type: 'test'
  ...
# Subtest: valid preset strict
ok 46 - valid preset strict
  ---
  duration_ms: 3.728027
  type: 'test'
  ...
# Subtest: valid preset contextual
ok 47 - valid preset contextual
  ---
  duration_ms: 0.565677
  type: 'test'
  ...
# Subtest: valid preset inspection
ok 48 - valid preset inspection
  ---
  duration_ms: 0.248862
  type: 'test'
  ...
# Subtest: unknown policy field fails
ok 49 - unknown policy field fails
  ---
  duration_ms: 0.842654
  type: 'test'
  ...
# Subtest: allowlist cannot be empty
ok 50 - allowlist cannot be empty
  ---
  duration_ms: 0.412489
  type: 'test'
  ...
# Subtest: unknown model fails
ok 51 - unknown model fails
  ---
  duration_ms: 0.250191
  type: 'test'
  ...
# Subtest: unresolved admission never fails open
ok 52 - unresolved admission never fails open
  ---
  duration_ms: 0.328649
  type: 'test'
  ...
# Subtest: strict cannot enable consumer exceptions
ok 53 - strict cannot enable consumer exceptions
  ---
  duration_ms: 0.280093
  type: 'test'
  ...
# Subtest: unknown representation rejected
ok 54 - unknown representation rejected
  ---
  duration_ms: 0.508809
  type: 'test'
  ...
# Subtest: language tag and duplicate validation
ok 55 - language tag and duplicate validation
  ---
  duration_ms: 0.980795
  type: 'test'
  ...
# Subtest: any-language policy warns against universal competence claim
ok 56 - any-language policy warns against universal competence claim
  ---
  duration_ms: 0.50803
  type: 'test'
  ...
# Subtest: unsupported language probes explicitly marked
ok 57 - unsupported language probes explicitly marked
  ---
  duration_ms: 0.153924
  type: 'test'
  ...
# Subtest: entry clears inherited exception whole field
ok 58 - entry clears inherited exception whole field
  ---
  duration_ms: 0.748638
  type: 'test'
  ...
# Subtest: consumer task mismatch does not grant exception
ok 59 - consumer task mismatch does not grant exception
  ---
  duration_ms: 0.33766
  type: 'test'
  ...
# Subtest: context cannot carry a policy override
ok 60 - context cannot carry a policy override
  ---
  duration_ms: 0.239288
  type: 'test'
  ...
# Subtest: context null does not silently restore shared task
ok 61 - context null does not silently restore shared task
  ---
  duration_ms: 0.262418
  type: 'test'
  ...
# Subtest: strict rejects benign represented acrostic without inventing an attack
ok 62 - strict rejects benign represented acrostic without inventing an attack
  ---
  duration_ms: 0.4443
  type: 'test'
  ...
# Subtest: contextual grants are scoped
ok 63 - contextual grants are scoped
  ---
  duration_ms: 0.417782
  type: 'test'
  ...
# Subtest: permitted representation does not authorize malicious meaning
ok 64 - permitted representation does not authorize malicious meaning
  ---
  duration_ms: 0.20457
  type: 'test'
  ...
# Subtest: inspection explicitly changes compliance as well as operation
ok 65 - inspection explicitly changes compliance as well as operation
  ---
  duration_ms: 0.534331
  type: 'test'
  ...
# Subtest: language restriction is separate from maliciousness
ok 66 - language restriction is separate from maliciousness
  ---
  duration_ms: 0.193748
  type: 'test'
  ...
# Subtest: allowing Spanish admits descriptive Spanish, not its attack
ok 67 - allowing Spanish admits descriptive Spanish, not its attack
  ---
  duration_ms: 0.341928
  type: 'test'
  ...
# Subtest: instruction-only language scope excludes benign descriptive data
ok 68 - instruction-only language scope excludes benign descriptive data
  ---
  duration_ms: 0.206312
  type: 'test'
  ...
# Subtest: missing or invalid findings cannot authorize admission
ok 69 - missing or invalid findings cannot authorize admission
  ---
  duration_ms: 0.29466
  type: 'test'
  ...
# Subtest: derived decisions agree with separate authored oracle across catalog and policy settings
ok 70 - derived decisions agree with separate authored oracle across catalog and policy settings
  ---
  duration_ms: 20.367395
  type: 'test'
  ...
# Subtest: native layout content equivalence and no eval leakage strict
ok 71 - native layout content equivalence and no eval leakage strict
  ---
  duration_ms: 652.235765
  type: 'test'
  ...
# Subtest: native layout content equivalence and no eval leakage contextual
ok 72 - native layout content equivalence and no eval leakage contextual
  ---
  duration_ms: 525.582588
  type: 'test'
  ...
# Subtest: native layout content equivalence and no eval leakage inspection
ok 73 - native layout content equivalence and no eval leakage inspection
  ---
  duration_ms: 543.592043
  type: 'test'
  ...
# Subtest: material role keys and template expressions remain ordinary data
ok 74 - material role keys and template expressions remain ordinary data
  ---
  duration_ms: 4.356716
  type: 'test'
  ...
# Subtest: oversized source fails rather than truncates
ok 75 - oversized source fails rather than truncates
  ---
  duration_ms: 10.621223
  type: 'test'
  ...
# Subtest: every dossier preserves its two independent task-evidence questions
ok 76 - every dossier preserves its two independent task-evidence questions
  ---
  duration_ms: 95.813195
  type: 'test'
  ...
# Subtest: 480 rows reconstructed with no source summary discrepancies
ok 77 - 480 rows reconstructed with no source summary discrepancies
  ---
  duration_ms: 1.946715
  type: 'test'
  ...
# Subtest: explicit admission vs inspection denominator
ok 78 - explicit admission vs inspection denominator
  ---
  duration_ms: 0.301927
  type: 'test'
  ...
# Subtest: current report contract and native/coded accuracy checked
ok 79 - current report contract and native/coded accuracy checked
  ---
  duration_ms: 0.289965
  type: 'test'
  ...
# Subtest: review snapshot round-trips condition identities
ok 80 - review snapshot round-trips condition identities
  ---
  duration_ms: 70.662141
  type: 'test'
  ...
# Subtest: reconstruction reports dishonest top-level counts
ok 81 - reconstruction reports dishonest top-level counts
  ---
  duration_ms: 100.237474
  type: 'test'
  ...
# Subtest: placement changes match the report without universal winner assumption
ok 82 - placement changes match the report without universal winner assumption
  ---
  duration_ms: 1.247779
  type: 'test'
  ...
# Subtest: prototype-like report keys remain data, not object pollution
ok 83 - prototype-like report keys remain data, not object pollution
  ---
  duration_ms: 0.45262
  type: 'test'
  ...
# Subtest: invalid json, oversized, unsupported shape or negative tokens rejected
ok 84 - invalid json, oversized, unsupported shape or negative tokens rejected
  ---
  duration_ms: 28.16063
  type: 'test'
  ...
# Subtest: complete simulated Gold run exercises all 120 calls and multiple ledger stages
ok 85 - complete simulated Gold run exercises all 120 calls and multiple ledger stages
  ---
  duration_ms: 2514.271864
  type: 'test'
  ...
# Subtest: invocation limit and resume do not repeat paid job identities
ok 86 - invocation limit and resume do not repeat paid job identities
  ---
  duration_ms: 1992.84667
  type: 'test'
  ...
# Subtest: transport failure remains held and cannot auto-retry
ok 87 - transport failure remains held and cannot auto-retry
  ---
  duration_ms: 1336.746401
  type: 'test'
  ...
# Subtest: valid response with missing usage stops and reserves uncertain charge
ok 88 - valid response with missing usage stops and reserves uncertain charge
  ---
  duration_ms: 828.226507
  type: 'test'
  ...
# Subtest: model-version change records charge and halts
ok 89 - model-version change records charge and halts
  ---
  duration_ms: 825.077112
  type: 'test'
  ...
# Subtest: reservation without saved response is never redispatched
ok 90 - reservation without saved response is never redispatched
  ---
  duration_ms: 848.943819
  type: 'test'
  ...
# Subtest: operator stop happens before any new reservation
ok 91 - operator stop happens before any new reservation
  ---
  duration_ms: 810.673078
  type: 'test'
  ...
# Subtest: insufficient account cap blocks inference
ok 92 - insufficient account cap blocks inference
  ---
  duration_ms: 825.300221
  type: 'test'
  ...
# Subtest: standalone cap is explicit and cannot be reset by reinitialization
ok 93 - standalone cap is explicit and cannot be reset by reinitialization
  ---
  duration_ms: 263.661343
  type: 'test'
  ...
# Subtest: prior-history floor prevents misusing a missing project ledger
ok 94 - prior-history floor prevents misusing a missing project ledger
  ---
  duration_ms: 846.023878
  type: 'test'
  ...
# Subtest: settled evidence modification prevents replay
ok 95 - settled evidence modification prevents replay
  ---
  duration_ms: 1358.618483
  type: 'test'
  ...
# Subtest: complete simulated ranking run uses six requests and original accounting
ok 96 - complete simulated ranking run uses six requests and original accounting
  ---
  duration_ms: 179.574948
  type: 'test'
  ...
# Subtest: complete simulated tagging run returns all facet proposals with no promotions
ok 97 - complete simulated tagging run returns all facet proposals with no promotions
  ---
  duration_ms: 240.142382
  type: 'test'
  ...
# Subtest: advisor invocation limit then resume never repeats dispatch
ok 98 - advisor invocation limit then resume never repeats dispatch
  ---
  duration_ms: 208.166637
  type: 'test'
  ...
# Subtest: simulated ranking then complete evaluation retain a single shared ledger
ok 99 - simulated ranking then complete evaluation retain a single shared ledger
  ---
  duration_ms: 2479.459528
  type: 'test'
  ...
# Subtest: imported synthetic advisor envelope cannot impersonate local paid ledger evidence
ok 100 - imported synthetic advisor envelope cannot impersonate local paid ledger evidence
  ---
  duration_ms: 1868.788392
  type: 'test'
  ...
# Subtest: transport failure retains reservation and cannot automatically retry
ok 101 - transport failure retains reservation and cannot automatically retry
  ---
  duration_ms: 131.773477
  type: 'test'
  ...
# Subtest: missing usage stops advisor and retains charge uncertainty
ok 102 - missing usage stops advisor and retains charge uncertainty
  ---
  duration_ms: 90.289177
  type: 'test'
  ...
# Subtest: changed provider model is charged then stops further advice
ok 103 - changed provider model is charged then stops further advice
  ---
  duration_ms: 85.378304
  type: 'test'
  ...
# Subtest: unanswered durable reservation is never retried on resume
ok 104 - unanswered durable reservation is never retried on resume
  ---
  duration_ms: 96.052661
  type: 'test'
  ...
# Subtest: changed raw evidence on disk stops resumption
ok 105 - changed raw evidence on disk stops resumption
  ---
  duration_ms: 130.545883
  type: 'test'
  ...
# Subtest: source or request tampering stops frozen advisor load
ok 106 - source or request tampering stops frozen advisor load
  ---
  duration_ms: 110.09858
  type: 'test'
  ...
# Subtest: too-small shared account cannot start advisor requests
ok 107 - too-small shared account cannot start advisor requests
  ---
  duration_ms: 91.61253
  type: 'test'
  ...
# Subtest: operator stop before first request does not reserve anything
ok 108 - operator stop before first request does not reserve anything
  ---
  duration_ms: 86.856218
  type: 'test'
  ...
# Subtest: prior-history floor is enforced for metadata calls too
ok 109 - prior-history floor is enforced for metadata calls too
  ---
  duration_ms: 89.414976
  type: 'test'
  ...
# Subtest: unsupported critical coverage blocks evaluation dispatch
ok 110 - unsupported critical coverage blocks evaluation dispatch
  ---
  duration_ms: 1107.927539
  type: 'test'
  ...
# Subtest: allocator handles 7560 indivisible pairs / 15120 logical requests at full budget
ok 111 - allocator handles 7560 indivisible pairs / 15120 logical requests at full budget
  ---
  duration_ms: 340.843437
  type: 'test'
  ...
# Subtest: budget-limited full-scale metadata planning retains complete pairs
ok 112 - budget-limited full-scale metadata planning retains complete pairs
  ---
  duration_ms: 4591.282068
  type: 'test'
  ...
# Subtest: advisor bootstrap exposes versioned descriptors, not fabricated scores
ok 113 - advisor bootstrap exposes versioned descriptors, not fabricated scores
  ---
  duration_ms: 213.328928
  type: 'test'
  ...
# Subtest: metadata freeze returns explicit offline packet
ok 114 - metadata freeze returns explicit offline packet
  ---
  duration_ms: 207.110209
  type: 'test'
  ...
# Subtest: advisor routes enforce origin and CSRF checks
ok 115 - advisor routes enforce origin and CSRF checks
  ---
  duration_ms: 142.624612
  type: 'test'
  ...
# Subtest: no selection browser route can start paid inference
ok 116 - no selection browser route can start paid inference
  ---
  duration_ms: 150.162956
  type: 'test'
  ...
# Subtest: matching advice cache is locally reusable but not across applications
ok 117 - matching advice cache is locally reusable but not across applications
  ---
  duration_ms: 173.834789
  type: 'test'
  ...
# Subtest: browser creates an assisted plan with no live calls
ok 118 - browser creates an assisted plan with no live calls
  ---
  duration_ms: 516.848119
  type: 'test'
  ...
# Subtest: application validation rejects source-side grants as context fields
ok 119 - application validation rejects source-side grants as context fields
  ---
  duration_ms: 124.371111
  type: 'test'
  ...
# Subtest: CLI without --live cannot invoke provider or read account path
ok 120 - CLI without --live cannot invoke provider or read account path
  ---
  duration_ms: 164.066764
  type: 'test'
  ...
# Subtest: 32 small units cover all 60 source cases without changing specimens
ok 121 - 32 small units cover all 60 source cases without changing specimens
  ---
  duration_ms: 5.313201
  type: 'test'
  ...
# Subtest: dossier position and split units explicitly require full matched core
ok 122 - dossier position and split units explicitly require full matched core
  ---
  duration_ms: 0.34588
  type: 'test'
  ...
# Subtest: rank schema has one four-way question per unit; all units queried
ok 123 - rank schema has one four-way question per unit; all units queried
  ---
  duration_ms: 16.751558
  type: 'test'
  ...
# Subtest: tagging schema is 12 independent facets and one taxonomy-fit choice per unit
ok 124 - tagging schema is 12 independent facets and one taxonomy-fit choice per unit
  ---
  duration_ms: 24.62212
  type: 'test'
  ...
# Subtest: advisor never receives evaluated payloads, expected labels or previous scores
ok 125 - advisor never receives evaluated payloads, expected labels or previous scores
  ---
  duration_ms: 37.071133
  type: 'test'
  ...
# Subtest: metadata chunks do not split any source description or associated unit
ok 126 - metadata chunks do not split any source description or associated unit
  ---
  duration_ms: 10.682274
  type: 'test'
  ...
# Subtest: advisor rejects silently pruned groups and too-small allocation
ok 127 - advisor rejects silently pruned groups and too-small allocation
  ---
  duration_ms: 11.172357
  type: 'test'
  ...
# Subtest: ranking is uncertain, not irrelevant, when evidence is missing
ok 128 - ranking is uncertain, not irrelevant, when evidence is missing
  ---
  duration_ms: 0.327032
  type: 'test'
  ...
# Subtest: low confidence retains floor instead of zeroing relevance
ok 129 - low confidence retains floor instead of zeroing relevance
  ---
  duration_ms: 0.689087
  type: 'test'
  ...
# Subtest: high confidence not-indicated still leaves nonzero weight
ok 130 - high confidence not-indicated still leaves nonzero weight
  ---
  duration_ms: 0.581964
  type: 'test'
  ...
# Subtest: explicit insufficient evidence is retained for exploration
ok 131 - explicit insufficient evidence is retained for exploration
  ---
  duration_ms: 0.272268
  type: 'test'
  ...
# Subtest: ambiguous or rounded option disagreement is not blindly confident
ok 132 - ambiguous or rounded option disagreement is not blindly confident
  ---
  duration_ms: 0.220394
  type: 'test'
  ...
# Subtest: malformed or incomplete distributions cannot steer allocation
ok 133 - malformed or incomplete distributions cannot steer allocation
  ---
  duration_ms: 0.489617
  type: 'test'
  ...
# Subtest: same source and settings reproduce advisor identity
ok 134 - same source and settings reproduce advisor identity
  ---
  duration_ms: 24.730846
  type: 'test'
  ...
# Subtest: valid simulated relevance is interpreted but never called live evidence by test fixture
ok 135 - valid simulated relevance is interpreted but never called live evidence by test fixture
  ---
  duration_ms: 30.101586
  type: 'test'
  ...
# Subtest: partial valid report gives every unscored unit a neutral fallback
ok 136 - partial valid report gives every unscored unit a neutral fallback
  ---
  duration_ms: 25.229985
  type: 'test'
  ...
# Subtest: changed app, policy, taxonomy or raw envelope rejects cached advice
ok 137 - changed app, policy, taxonomy or raw envelope rejects cached advice
  ---
  duration_ms: 33.904242
  type: 'test'
  ...
# Subtest: duplicate advisor rows and fabricated raw hashes are rejected
ok 138 - duplicate advisor rows and fabricated raw hashes are rejected
  ---
  duration_ms: 35.013563
  type: 'test'
  ...
# Subtest: invalid native taxonomy choice probability shape rejects imported proposals
ok 139 - invalid native taxonomy choice probability shape rejects imported proposals
  ---
  duration_ms: 47.584821
  type: 'test'
  ...
# Subtest: tag reports cannot be substituted for relevance reports
ok 140 - tag reports cannot be substituted for relevance reports
  ---
  duration_ms: 45.585146
  type: 'test'
  ...
# Subtest: tag proposals leave authoritative tags and required coverage intact
ok 141 - tag proposals leave authoritative tags and required coverage intact
  ---
  duration_ms: 60.059846
  type: 'test'
  ...
# Subtest: custom imported descriptors are tag-only metadata, never executable tests
ok 142 - custom imported descriptors are tag-only metadata, never executable tests
  ---
  duration_ms: 5.252985
  type: 'test'
  ...
# Subtest: metadata import cannot smuggle answers or prototype special keys
ok 143 - metadata import cannot smuggle answers or prototype special keys
  ---
  duration_ms: 0.309774
  type: 'test'
  ...
# Subtest: application fields are closed and never treated as authority
ok 144 - application fields are closed and never treated as authority
  ---
  duration_ms: 0.207615
  type: 'test'
  ...
# Subtest: all active cases fit in full assisted plan with no duplicate control jobs
ok 145 - all active cases fit in full assisted plan with no duplicate control jobs
  ---
  duration_ms: 601.321114
  type: 'test'
  ...
# Subtest: assisted planner preserves evaluated payloads and authored expectations
ok 146 - assisted planner preserves evaluated payloads and authored expectations
  ---
  duration_ms: 1115.288601
  type: 'test'
  ...
# Subtest: mandatory coverage cannot be removed by every group scoring not-indicated
ok 147 - mandatory coverage cannot be removed by every group scoring not-indicated
  ---
  duration_ms: 573.091336
  type: 'test'
  ...
# Subtest: ranking cost is subtracted from the same campaign allowance once
ok 148 - ranking cost is subtracted from the same campaign allowance once
  ---
  duration_ms: 565.620891
  type: 'test'
  ...
# Subtest: unsupported required capabilities cannot masquerade as full coverage
ok 149 - unsupported required capabilities cannot masquerade as full coverage
  ---
  duration_ms: 1537.661568
  type: 'test'
  ...
# Subtest: a configured critical dossier cannot be filtered out silently
ok 150 - a configured critical dossier cannot be filtered out silently
  ---
  duration_ms: 209.277834
  type: 'test'
  ...
# Subtest: out-of-allowlist languages remain mandatory tests
ok 151 - out-of-allowlist languages remain mandatory tests
  ---
  duration_ms: 310.614202
  type: 'test'
  ...
# Subtest: unavailable language coverage is disclosed without fabricating tests
ok 152 - unavailable language coverage is disclosed without fabricating tests
  ---
  duration_ms: 367.0822
  type: 'test'
  ...
# Subtest: identical assisted inputs reproduce immutable plan hash
ok 153 - identical assisted inputs reproduce immutable plan hash
  ---
  duration_ms: 622.445921
  type: 'test'
  ...
# Subtest: too-small budget cannot dispatch a partial critical suite
ok 154 - too-small budget cannot dispatch a partial critical suite
  ---
  duration_ms: 315.000763
  type: 'test'
  ...
# Subtest: budget fill stops with honest unused remainder when catalog is exhausted
ok 155 - budget fill stops with honest unused remainder when catalog is exhausted
  ---
  duration_ms: 320.316225
  type: 'test'
  ...
# Subtest: allocator skips unaffordable large unit and continues to smaller sets
ok 156 - allocator skips unaffordable large unit and continues to smaller sets
  ---
  duration_ms: 0.384911
  type: 'test'
  ...
# Subtest: shared controls incur only their marginal cost
ok 157 - shared controls incur only their marginal cost
  ---
  duration_ms: 0.152049
  type: 'test'
  ...
# Subtest: dependency closure cannot be split to fit money
ok 158 - dependency closure cannot be split to fit money
  ---
  duration_ms: 0.359058
  type: 'test'
  ...
# Subtest: cyclic, missing and duplicate dependencies fail
ok 159 - cyclic, missing and duplicate dependencies fail
  ---
  duration_ms: 0.362891
  type: 'test'
  ...
# Subtest: independent exploratory lane remains despite confident negative ranks
ok 160 - independent exploratory lane remains despite confident negative ranks
  ---
  duration_ms: 0.535331
  type: 'test'
  ...
# Subtest: selection obeys token ceiling as well as dollar ceiling
ok 161 - selection obeys token ceiling as well as dollar ceiling
  ---
  duration_ms: 0.108862
  type: 'test'
  ...
# Subtest: selection deterministic for a fixed seed and evidence
ok 162 - selection deterministic for a fixed seed and evidence
  ---
  duration_ms: 1.943217
  type: 'test'
  ...
# Subtest: invalid free exploration bypass is rejected by public plan schema
ok 163 - invalid free exploration bypass is rejected by public plan schema
  ---
  duration_ms: 0.277012
  type: 'test'
  ...
# Subtest: server is loopback-only and serves actual evidence
ok 164 - server is loopback-only and serves actual evidence
  ---
  duration_ms: 216.521952
  type: 'test'
  ...
# Subtest: mutation endpoints require exact origin and CSRF token
ok 165 - mutation endpoints require exact origin and CSRF token
  ---
  duration_ms: 179.76796
  type: 'test'
  ...
# Subtest: unrelated host and filesystem paths denied
ok 166 - unrelated host and filesystem paths denied
  ---
  duration_ms: 139.777674
  type: 'test'
  ...
# Subtest: no browser route can start live inference
ok 167 - no browser route can start live inference
  ---
  duration_ms: 151.144748
  type: 'test'
  ...
# Subtest: custom material compiles offline without inferred gold
ok 168 - custom material compiles offline without inferred gold
  ---
  duration_ms: 137.791264
  type: 'test'
  ...
# Subtest: plan preview then freeze produces immutable audit inputs
ok 169 - plan preview then freeze produces immutable audit inputs
  ---
  duration_ms: 760.806781
  type: 'test'
  ...
1..169
# tests 169
# suites 0
# pass 169
# fail 0
# cancelled 0
# skipped 0
# todo 0
# duration_ms 17721.14559
